[1.528s] Invoking command in '/home/dronzer/boombot/src/perception': DEBUGINFOD_URLS=https://debuginfod.ubuntu.com PYTHONPATH=/home/dronzer/boombot/build/perception/prefix_override:/usr/lib/python3/dist-packages/colcon_core/task/python/colcon_distutils_commands:/home/dronzer/boombot/install/perception/lib/python3.12/site-packages:${PYTHONPATH} /usr/bin/python3 -W ignore:setup.py install is deprecated -W ignore:easy_install command is deprecated setup.py egg_info --egg-base ../../build/perception build --build-base /home/dronzer/boombot/build/perception/build install --record /home/dronzer/boombot/build/perception/install.log --single-version-externally-managed install_data
[1.896s] running egg_info
[1.928s] writing ../../build/perception/perception.egg-info/PKG-INFO
[1.928s] writing dependency_links to ../../build/perception/perception.egg-info/dependency_links.txt
[1.928s] writing entry points to ../../build/perception/perception.egg-info/entry_points.txt
[1.928s] writing requirements to ../../build/perception/perception.egg-info/requires.txt
[1.928s] writing top-level names to ../../build/perception/perception.egg-info/top_level.txt
[1.995s] reading manifest file '../../build/perception/perception.egg-info/SOURCES.txt'
[1.996s] writing manifest file '../../build/perception/perception.egg-info/SOURCES.txt'
[1.996s] running build
[1.996s] running build_py
[1.996s] running install
[2.003s] running install_lib
[2.037s] running install_data
[2.037s] running install_egg_info
[2.071s] removing '/home/dronzer/boombot/install/perception/lib/python3.12/site-packages/perception-0.0.0-py3.12.egg-info' (and everything under it)
[2.071s] Copying ../../build/perception/perception.egg-info to /home/dronzer/boombot/install/perception/lib/python3.12/site-packages/perception-0.0.0-py3.12.egg-info
[2.072s] running install_scripts
[2.263s] Installing tracker_node script to /home/dronzer/boombot/install/perception/lib/perception
[2.263s] writing list of installed files to '/home/dronzer/boombot/build/perception/install.log'
[2.316s] Invoked command in '/home/dronzer/boombot/src/perception' returned '0': DEBUGINFOD_URLS=https://debuginfod.ubuntu.com PYTHONPATH=/home/dronzer/boombot/build/perception/prefix_override:/usr/lib/python3/dist-packages/colcon_core/task/python/colcon_distutils_commands:/home/dronzer/boombot/install/perception/lib/python3.12/site-packages:${PYTHONPATH} /usr/bin/python3 -W ignore:setup.py install is deprecated -W ignore:easy_install command is deprecated setup.py egg_info --egg-base ../../build/perception build --build-base /home/dronzer/boombot/build/perception/build install --record /home/dronzer/boombot/build/perception/install.log --single-version-externally-managed install_data
