[1.850s] Invoking command in '/home/dronzer/boombot/src/boombot_teleop': PYTHONPATH=/home/dronzer/boombot/build/boombot_teleop/prefix_override:/usr/lib/python3/dist-packages/colcon_core/task/python/colcon_distutils_commands:/home/dronzer/boombot/install/boombot_teleop/lib/python3.12/site-packages:${PYTHONPATH} /usr/bin/python3 -W ignore:setup.py install is deprecated -W ignore:easy_install command is deprecated setup.py egg_info --egg-base ../../build/boombot_teleop build --build-base /home/dronzer/boombot/build/boombot_teleop/build install --record /home/dronzer/boombot/build/boombot_teleop/install.log --install-scripts $base/lib/boombot_teleop --single-version-externally-managed install_data
[2.192s] running egg_info
[2.214s] writing ../../build/boombot_teleop/boombot_teleop.egg-info/PKG-INFO
[2.214s] writing dependency_links to ../../build/boombot_teleop/boombot_teleop.egg-info/dependency_links.txt
[2.215s] writing entry points to ../../build/boombot_teleop/boombot_teleop.egg-info/entry_points.txt
[2.216s] writing requirements to ../../build/boombot_teleop/boombot_teleop.egg-info/requires.txt
[2.216s] writing top-level names to ../../build/boombot_teleop/boombot_teleop.egg-info/top_level.txt
[2.261s] reading manifest file '../../build/boombot_teleop/boombot_teleop.egg-info/SOURCES.txt'
[2.263s] writing manifest file '../../build/boombot_teleop/boombot_teleop.egg-info/SOURCES.txt'
[2.263s] running build
[2.263s] running build_py
[2.264s] running install
[2.273s] running install_lib
[2.296s] running install_data
[2.297s] running install_egg_info
[2.321s] removing '/home/dronzer/boombot/install/boombot_teleop/lib/python3.12/site-packages/boombot_teleop-0.0.0-py3.12.egg-info' (and everything under it)
[2.323s] Copying ../../build/boombot_teleop/boombot_teleop.egg-info to /home/dronzer/boombot/install/boombot_teleop/lib/python3.12/site-packages/boombot_teleop-0.0.0-py3.12.egg-info
[2.325s] running install_scripts
[2.487s] Installing joystick_publisher script to /home/dronzer/boombot/install/boombot_teleop/lib/boombot_teleop
[2.487s] Installing serial_transmitter script to /home/dronzer/boombot/install/boombot_teleop/lib/boombot_teleop
[2.488s] writing list of installed files to '/home/dronzer/boombot/build/boombot_teleop/install.log'
[2.637s] Invoked command in '/home/dronzer/boombot/src/boombot_teleop' returned '0': PYTHONPATH=/home/dronzer/boombot/build/boombot_teleop/prefix_override:/usr/lib/python3/dist-packages/colcon_core/task/python/colcon_distutils_commands:/home/dronzer/boombot/install/boombot_teleop/lib/python3.12/site-packages:${PYTHONPATH} /usr/bin/python3 -W ignore:setup.py install is deprecated -W ignore:easy_install command is deprecated setup.py egg_info --egg-base ../../build/boombot_teleop build --build-base /home/dronzer/boombot/build/boombot_teleop/build install --record /home/dronzer/boombot/build/boombot_teleop/install.log --install-scripts $base/lib/boombot_teleop --single-version-externally-managed install_data
