running egg_info
creating ../../build/boombot_teleop/boombot_teleop.egg-info
writing ../../build/boombot_teleop/boombot_teleop.egg-info/PKG-INFO
writing dependency_links to ../../build/boombot_teleop/boombot_teleop.egg-info/dependency_links.txt
writing entry points to ../../build/boombot_teleop/boombot_teleop.egg-info/entry_points.txt
writing requirements to ../../build/boombot_teleop/boombot_teleop.egg-info/requires.txt
writing top-level names to ../../build/boombot_teleop/boombot_teleop.egg-info/top_level.txt
writing manifest file '../../build/boombot_teleop/boombot_teleop.egg-info/SOURCES.txt'
reading manifest file '../../build/boombot_teleop/boombot_teleop.egg-info/SOURCES.txt'
writing manifest file '../../build/boombot_teleop/boombot_teleop.egg-info/SOURCES.txt'
running build
running build_py
creating /home/dronzer/boombot/build/boombot_teleop/build
creating /home/dronzer/boombot/build/boombot_teleop/build/lib
creating /home/dronzer/boombot/build/boombot_teleop/build/lib/boombot_teleop
copying boombot_teleop/joy_pub.py -> /home/dronzer/boombot/build/boombot_teleop/build/lib/boombot_teleop
copying boombot_teleop/__init__.py -> /home/dronzer/boombot/build/boombot_teleop/build/lib/boombot_teleop
copying boombot_teleop/serial_send.py -> /home/dronzer/boombot/build/boombot_teleop/build/lib/boombot_teleop
running install
running install_lib
creating /home/dronzer/boombot/install/boombot_teleop/lib/python3.12/site-packages/boombot_teleop
copying /home/dronzer/boombot/build/boombot_teleop/build/lib/boombot_teleop/joy_pub.py -> /home/dronzer/boombot/install/boombot_teleop/lib/python3.12/site-packages/boombot_teleop
copying /home/dronzer/boombot/build/boombot_teleop/build/lib/boombot_teleop/__init__.py -> /home/dronzer/boombot/install/boombot_teleop/lib/python3.12/site-packages/boombot_teleop
copying /home/dronzer/boombot/build/boombot_teleop/build/lib/boombot_teleop/serial_send.py -> /home/dronzer/boombot/install/boombot_teleop/lib/python3.12/site-packages/boombot_teleop
byte-compiling /home/dronzer/boombot/install/boombot_teleop/lib/python3.12/site-packages/boombot_teleop/joy_pub.py to joy_pub.cpython-312.pyc
byte-compiling /home/dronzer/boombot/install/boombot_teleop/lib/python3.12/site-packages/boombot_teleop/__init__.py to __init__.cpython-312.pyc
byte-compiling /home/dronzer/boombot/install/boombot_teleop/lib/python3.12/site-packages/boombot_teleop/serial_send.py to serial_send.cpython-312.pyc
running install_data
creating /home/dronzer/boombot/install/boombot_teleop/share/ament_index
creating /home/dronzer/boombot/install/boombot_teleop/share/ament_index/resource_index
creating /home/dronzer/boombot/install/boombot_teleop/share/ament_index/resource_index/packages
copying resource/boombot_teleop -> /home/dronzer/boombot/install/boombot_teleop/share/ament_index/resource_index/packages
copying package.xml -> /home/dronzer/boombot/install/boombot_teleop/share/boombot_teleop
running install_egg_info
Copying ../../build/boombot_teleop/boombot_teleop.egg-info to /home/dronzer/boombot/install/boombot_teleop/lib/python3.12/site-packages/boombot_teleop-0.0.0-py3.12.egg-info
running install_scripts
Installing joystick_publisher script to /home/dronzer/boombot/install/boombot_teleop/lib/boombot_teleop
Installing serial_transmitter script to /home/dronzer/boombot/install/boombot_teleop/lib/boombot_teleop
writing list of installed files to '/home/dronzer/boombot/build/boombot_teleop/install.log'
