[1.375s] Invoking command in '/home/dronzer/boombot/src/boombot_teleop': PYTHONPATH=/home/dronzer/boombot/build/boombot_teleop/prefix_override:/usr/lib/python3/dist-packages/colcon_core/task/python/colcon_distutils_commands:/home/dronzer/boombot/install/boombot_teleop/lib/python3.12/site-packages:${PYTHONPATH} /usr/bin/python3 -W ignore:setup.py install is deprecated -W ignore:easy_install command is deprecated setup.py egg_info --egg-base ../../build/boombot_teleop build --build-base /home/dronzer/boombot/build/boombot_teleop/build install --record /home/dronzer/boombot/build/boombot_teleop/install.log --install-scripts $base/lib/boombot_teleop --single-version-externally-managed install_data
[1.690s] running egg_info
[1.690s] creating ../../build/boombot_teleop/boombot_teleop.egg-info
[1.711s] writing ../../build/boombot_teleop/boombot_teleop.egg-info/PKG-INFO
[1.712s] writing dependency_links to ../../build/boombot_teleop/boombot_teleop.egg-info/dependency_links.txt
[1.712s] writing entry points to ../../build/boombot_teleop/boombot_teleop.egg-info/entry_points.txt
[1.712s] writing requirements to ../../build/boombot_teleop/boombot_teleop.egg-info/requires.txt
[1.712s] writing top-level names to ../../build/boombot_teleop/boombot_teleop.egg-info/top_level.txt
[1.713s] writing manifest file '../../build/boombot_teleop/boombot_teleop.egg-info/SOURCES.txt'
[1.756s] reading manifest file '../../build/boombot_teleop/boombot_teleop.egg-info/SOURCES.txt'
[1.757s] writing manifest file '../../build/boombot_teleop/boombot_teleop.egg-info/SOURCES.txt'
[1.757s] running build
[1.757s] running build_py
[1.758s] creating /home/dronzer/boombot/build/boombot_teleop/build
[1.758s] creating /home/dronzer/boombot/build/boombot_teleop/build/lib
[1.758s] creating /home/dronzer/boombot/build/boombot_teleop/build/lib/boombot_teleop
[1.758s] copying boombot_teleop/joy_pub.py -> /home/dronzer/boombot/build/boombot_teleop/build/lib/boombot_teleop
[1.758s] copying boombot_teleop/__init__.py -> /home/dronzer/boombot/build/boombot_teleop/build/lib/boombot_teleop
[1.758s] copying boombot_teleop/serial_send.py -> /home/dronzer/boombot/build/boombot_teleop/build/lib/boombot_teleop
[1.759s] running install
[1.768s] running install_lib
[1.789s] creating /home/dronzer/boombot/install/boombot_teleop/lib/python3.12/site-packages/boombot_teleop
[1.789s] copying /home/dronzer/boombot/build/boombot_teleop/build/lib/boombot_teleop/joy_pub.py -> /home/dronzer/boombot/install/boombot_teleop/lib/python3.12/site-packages/boombot_teleop
[1.790s] copying /home/dronzer/boombot/build/boombot_teleop/build/lib/boombot_teleop/__init__.py -> /home/dronzer/boombot/install/boombot_teleop/lib/python3.12/site-packages/boombot_teleop
[1.790s] copying /home/dronzer/boombot/build/boombot_teleop/build/lib/boombot_teleop/serial_send.py -> /home/dronzer/boombot/install/boombot_teleop/lib/python3.12/site-packages/boombot_teleop
[1.790s] byte-compiling /home/dronzer/boombot/install/boombot_teleop/lib/python3.12/site-packages/boombot_teleop/joy_pub.py to joy_pub.cpython-312.pyc
[1.792s] byte-compiling /home/dronzer/boombot/install/boombot_teleop/lib/python3.12/site-packages/boombot_teleop/__init__.py to __init__.cpython-312.pyc
[1.792s] byte-compiling /home/dronzer/boombot/install/boombot_teleop/lib/python3.12/site-packages/boombot_teleop/serial_send.py to serial_send.cpython-312.pyc
[1.793s] running install_data
[1.793s] creating /home/dronzer/boombot/install/boombot_teleop/share/ament_index
[1.793s] creating /home/dronzer/boombot/install/boombot_teleop/share/ament_index/resource_index
[1.793s] creating /home/dronzer/boombot/install/boombot_teleop/share/ament_index/resource_index/packages
[1.794s] copying resource/boombot_teleop -> /home/dronzer/boombot/install/boombot_teleop/share/ament_index/resource_index/packages
[1.794s] copying package.xml -> /home/dronzer/boombot/install/boombot_teleop/share/boombot_teleop
[1.794s] running install_egg_info
[1.817s] Copying ../../build/boombot_teleop/boombot_teleop.egg-info to /home/dronzer/boombot/install/boombot_teleop/lib/python3.12/site-packages/boombot_teleop-0.0.0-py3.12.egg-info
[1.818s] running install_scripts
[1.970s] Installing joystick_publisher script to /home/dronzer/boombot/install/boombot_teleop/lib/boombot_teleop
[1.970s] Installing serial_transmitter script to /home/dronzer/boombot/install/boombot_teleop/lib/boombot_teleop
[1.971s] writing list of installed files to '/home/dronzer/boombot/build/boombot_teleop/install.log'
[2.043s] Invoked command in '/home/dronzer/boombot/src/boombot_teleop' returned '0': PYTHONPATH=/home/dronzer/boombot/build/boombot_teleop/prefix_override:/usr/lib/python3/dist-packages/colcon_core/task/python/colcon_distutils_commands:/home/dronzer/boombot/install/boombot_teleop/lib/python3.12/site-packages:${PYTHONPATH} /usr/bin/python3 -W ignore:setup.py install is deprecated -W ignore:easy_install command is deprecated setup.py egg_info --egg-base ../../build/boombot_teleop build --build-base /home/dronzer/boombot/build/boombot_teleop/build install --record /home/dronzer/boombot/build/boombot_teleop/install.log --install-scripts $base/lib/boombot_teleop --single-version-externally-managed install_data
