[1.701s] Invoking command in '/home/dronzer/boombot/src/perception': DEBUGINFOD_URLS=https://debuginfod.ubuntu.com PYTHONPATH=/home/dronzer/boombot/build/perception/prefix_override:/usr/lib/python3/dist-packages/colcon_core/task/python/colcon_distutils_commands:/home/dronzer/boombot/install/perception/lib/python3.12/site-packages:${PYTHONPATH} /usr/bin/python3 -W ignore:setup.py install is deprecated -W ignore:easy_install command is deprecated setup.py egg_info --egg-base ../../build/perception build --build-base /home/dronzer/boombot/build/perception/build install --record /home/dronzer/boombot/build/perception/install.log --single-version-externally-managed install_data
[2.100s] running egg_info
[2.135s] writing ../../build/perception/perception.egg-info/PKG-INFO
[2.136s] writing dependency_links to ../../build/perception/perception.egg-info/dependency_links.txt
[2.136s] writing entry points to ../../build/perception/perception.egg-info/entry_points.txt
[2.136s] writing requirements to ../../build/perception/perception.egg-info/requires.txt
[2.136s] writing top-level names to ../../build/perception/perception.egg-info/top_level.txt
[2.208s] reading manifest file '../../build/perception/perception.egg-info/SOURCES.txt'
[2.209s] writing manifest file '../../build/perception/perception.egg-info/SOURCES.txt'
[2.209s] running build
[2.209s] running build_py
[2.210s] running install
[2.217s] running install_lib
[2.254s] running install_data
[2.254s] running install_egg_info
[2.291s] removing '/home/dronzer/boombot/install/perception/lib/python3.12/site-packages/perception-0.0.0-py3.12.egg-info' (and everything under it)
[2.291s] Copying ../../build/perception/perception.egg-info to /home/dronzer/boombot/install/perception/lib/python3.12/site-packages/perception-0.0.0-py3.12.egg-info
[2.292s] running install_scripts
[2.494s] Installing tracker_node script to /home/dronzer/boombot/install/perception/lib/perception
[2.495s] writing list of installed files to '/home/dronzer/boombot/build/perception/install.log'
[2.545s] Invoked command in '/home/dronzer/boombot/src/perception' returned '0': DEBUGINFOD_URLS=https://debuginfod.ubuntu.com PYTHONPATH=/home/dronzer/boombot/build/perception/prefix_override:/usr/lib/python3/dist-packages/colcon_core/task/python/colcon_distutils_commands:/home/dronzer/boombot/install/perception/lib/python3.12/site-packages:${PYTHONPATH} /usr/bin/python3 -W ignore:setup.py install is deprecated -W ignore:easy_install command is deprecated setup.py egg_info --egg-base ../../build/perception build --build-base /home/dronzer/boombot/build/perception/build install --record /home/dronzer/boombot/build/perception/install.log --single-version-externally-managed install_data
