running egg_info
writing ../../build/boombot_teleop/boombot_teleop.egg-info/PKG-INFO
writing dependency_links to ../../build/boombot_teleop/boombot_teleop.egg-info/dependency_links.txt
writing entry points to ../../build/boombot_teleop/boombot_teleop.egg-info/entry_points.txt
writing requirements to ../../build/boombot_teleop/boombot_teleop.egg-info/requires.txt
writing top-level names to ../../build/boombot_teleop/boombot_teleop.egg-info/top_level.txt
reading manifest file '../../build/boombot_teleop/boombot_teleop.egg-info/SOURCES.txt'
writing manifest file '../../build/boombot_teleop/boombot_teleop.egg-info/SOURCES.txt'
running build
running build_py
running install
running install_lib
running install_data
running install_egg_info
removing '/home/dronzer/boombot/install/boombot_teleop/lib/python3.12/site-packages/boombot_teleop-0.0.0-py3.12.egg-info' (and everything under it)
Copying ../../build/boombot_teleop/boombot_teleop.egg-info to /home/dronzer/boombot/install/boombot_teleop/lib/python3.12/site-packages/boombot_teleop-0.0.0-py3.12.egg-info
running install_scripts
Installing joystick_publisher script to /home/dronzer/boombot/install/boombot_teleop/lib/boombot_teleop
Installing serial_transmitter script to /home/dronzer/boombot/install/boombot_teleop/lib/boombot_teleop
writing list of installed files to '/home/dronzer/boombot/build/boombot_teleop/install.log'
