[1.531s] Invoking command in '/home/dronzer/boombot/src/boombot_teleop': DEBUGINFOD_URLS=https://debuginfod.ubuntu.com PYTHONPATH=/home/dronzer/boombot/build/boombot_teleop/prefix_override:/usr/lib/python3/dist-packages/colcon_core/task/python/colcon_distutils_commands:/home/dronzer/boombot/install/boombot_teleop/lib/python3.12/site-packages:${PYTHONPATH} /usr/bin/python3 -W ignore:setup.py install is deprecated -W ignore:easy_install command is deprecated setup.py egg_info --egg-base ../../build/boombot_teleop build --build-base /home/dronzer/boombot/build/boombot_teleop/build install --record /home/dronzer/boombot/build/boombot_teleop/install.log --single-version-externally-managed install_data
[1.912s] running egg_info
[1.944s] writing ../../build/boombot_teleop/boombot_teleop.egg-info/PKG-INFO
[1.944s] writing dependency_links to ../../build/boombot_teleop/boombot_teleop.egg-info/dependency_links.txt
[1.944s] writing entry points to ../../build/boombot_teleop/boombot_teleop.egg-info/entry_points.txt
[1.944s] writing requirements to ../../build/boombot_teleop/boombot_teleop.egg-info/requires.txt
[1.944s] writing top-level names to ../../build/boombot_teleop/boombot_teleop.egg-info/top_level.txt
[2.010s] reading manifest file '../../build/boombot_teleop/boombot_teleop.egg-info/SOURCES.txt'
[2.011s] writing manifest file '../../build/boombot_teleop/boombot_teleop.egg-info/SOURCES.txt'
[2.011s] running build
[2.011s] running build_py
[2.011s] running install
[2.017s] running install_lib
[2.051s] running install_data
[2.051s] running install_egg_info
[2.085s] removing '/home/dronzer/boombot/install/boombot_teleop/lib/python3.12/site-packages/boombot_teleop-0.0.0-py3.12.egg-info' (and everything under it)
[2.085s] Copying ../../build/boombot_teleop/boombot_teleop.egg-info to /home/dronzer/boombot/install/boombot_teleop/lib/python3.12/site-packages/boombot_teleop-0.0.0-py3.12.egg-info
[2.085s] running install_scripts
[2.274s] Installing joystick_publisher script to /home/dronzer/boombot/install/boombot_teleop/lib/boombot_teleop
[2.274s] Installing serial_transmitter script to /home/dronzer/boombot/install/boombot_teleop/lib/boombot_teleop
[2.274s] writing list of installed files to '/home/dronzer/boombot/build/boombot_teleop/install.log'
[2.314s] Invoked command in '/home/dronzer/boombot/src/boombot_teleop' returned '0': DEBUGINFOD_URLS=https://debuginfod.ubuntu.com PYTHONPATH=/home/dronzer/boombot/build/boombot_teleop/prefix_override:/usr/lib/python3/dist-packages/colcon_core/task/python/colcon_distutils_commands:/home/dronzer/boombot/install/boombot_teleop/lib/python3.12/site-packages:${PYTHONPATH} /usr/bin/python3 -W ignore:setup.py install is deprecated -W ignore:easy_install command is deprecated setup.py egg_info --egg-base ../../build/boombot_teleop build --build-base /home/dronzer/boombot/build/boombot_teleop/build install --record /home/dronzer/boombot/build/boombot_teleop/install.log --single-version-externally-managed install_data
