[0.264s] DEBUG:colcon:Command line arguments: ['/usr/bin/colcon', 'build']
[0.264s] DEBUG:colcon:Parsed command line arguments: Namespace(log_base=None, log_level=None, verb_name='build', build_base='build', install_base='install', merge_install=False, symlink_install=False, test_result_base=None, continue_on_error=False, executor='parallel', parallel_workers=4, event_handlers=None, ignore_user_meta=False, metas=['./colcon.meta'], base_paths=['.'], packages_ignore=None, packages_ignore_regex=None, paths=None, packages_up_to=None, packages_up_to_regex=None, packages_above=None, packages_above_and_dependencies=None, packages_above_depth=None, packages_select_by_dep=None, packages_skip_by_dep=None, packages_skip_up_to=None, packages_select_build_failed=False, packages_skip_build_finished=False, packages_select_test_failures=False, packages_skip_test_passed=False, packages_select=None, packages_skip=None, packages_select_regex=None, packages_skip_regex=None, packages_start=None, packages_end=None, allow_overriding=[], cmake_args=None, cmake_target=None, cmake_target_skip_unavailable=False, cmake_clean_cache=False, cmake_clean_first=False, cmake_force_configure=False, ament_cmake_args=None, catkin_cmake_args=None, catkin_skip_building_tests=False, mixin_files=None, mixin=None, verb_parser=<colcon_mixin.mixin.mixin_argument.MixinArgumentDecorator object at 0xffff82e1c200>, verb_extension=<colcon_core.verb.build.BuildVerb object at 0xffff830d7260>, main=<bound method BuildVerb.main of <colcon_core.verb.build.BuildVerb object at 0xffff830d7260>>, mixin_verb=('build',))
[0.368s] Level 1:colcon.colcon_core.package_discovery:discover_packages(colcon_meta) check parameters
[0.368s] Level 1:colcon.colcon_core.package_discovery:discover_packages(recursive) check parameters
[0.368s] Level 1:colcon.colcon_core.package_discovery:discover_packages(ignore) check parameters
[0.368s] Level 1:colcon.colcon_core.package_discovery:discover_packages(path) check parameters
[0.368s] Level 1:colcon.colcon_core.package_discovery:discover_packages(colcon_meta) discover
[0.369s] Level 1:colcon.colcon_core.package_discovery:discover_packages(recursive) discover
[0.369s] INFO:colcon.colcon_core.package_discovery:Crawling recursively for packages in '/home/dronzer/boombot'
[0.369s] Level 1:colcon.colcon_core.package_identification:_identify(.) by extensions ['ignore', 'ignore_ament_install']
[0.369s] Level 1:colcon.colcon_core.package_identification:_identify(.) by extension 'ignore'
[0.369s] Level 1:colcon.colcon_core.package_identification:_identify(.) by extension 'ignore_ament_install'
[0.369s] Level 1:colcon.colcon_core.package_identification:_identify(.) by extensions ['colcon_pkg']
[0.369s] Level 1:colcon.colcon_core.package_identification:_identify(.) by extension 'colcon_pkg'
[0.369s] Level 1:colcon.colcon_core.package_identification:_identify(.) by extensions ['colcon_meta']
[0.369s] Level 1:colcon.colcon_core.package_identification:_identify(.) by extension 'colcon_meta'
[0.369s] Level 1:colcon.colcon_core.package_identification:_identify(.) by extensions ['ros']
[0.369s] Level 1:colcon.colcon_core.package_identification:_identify(.) by extension 'ros'
[0.407s] Level 1:colcon.colcon_core.package_identification:_identify(.) by extensions ['cmake', 'python']
[0.407s] Level 1:colcon.colcon_core.package_identification:_identify(.) by extension 'cmake'
[0.407s] Level 1:colcon.colcon_core.package_identification:_identify(.) by extension 'python'
[0.407s] Level 1:colcon.colcon_core.package_identification:_identify(.) by extensions ['python_setup_py']
[0.407s] Level 1:colcon.colcon_core.package_identification:_identify(.) by extension 'python_setup_py'
[0.407s] Level 1:colcon.colcon_core.package_identification:_identify(build) by extensions ['ignore', 'ignore_ament_install']
[0.408s] Level 1:colcon.colcon_core.package_identification:_identify(build) by extension 'ignore'
[0.408s] Level 1:colcon.colcon_core.package_identification:_identify(build) ignored
[0.408s] Level 1:colcon.colcon_core.package_identification:_identify(install) by extensions ['ignore', 'ignore_ament_install']
[0.408s] Level 1:colcon.colcon_core.package_identification:_identify(install) by extension 'ignore'
[0.408s] Level 1:colcon.colcon_core.package_identification:_identify(install) ignored
[0.408s] Level 1:colcon.colcon_core.package_identification:_identify(log) by extensions ['ignore', 'ignore_ament_install']
[0.408s] Level 1:colcon.colcon_core.package_identification:_identify(log) by extension 'ignore'
[0.408s] Level 1:colcon.colcon_core.package_identification:_identify(log) ignored
[0.408s] Level 1:colcon.colcon_core.package_identification:_identify(src) by extensions ['ignore', 'ignore_ament_install']
[0.408s] Level 1:colcon.colcon_core.package_identification:_identify(src) by extension 'ignore'
[0.409s] Level 1:colcon.colcon_core.package_identification:_identify(src) by extension 'ignore_ament_install'
[0.409s] Level 1:colcon.colcon_core.package_identification:_identify(src) by extensions ['colcon_pkg']
[0.409s] Level 1:colcon.colcon_core.package_identification:_identify(src) by extension 'colcon_pkg'
[0.409s] Level 1:colcon.colcon_core.package_identification:_identify(src) by extensions ['colcon_meta']
[0.409s] Level 1:colcon.colcon_core.package_identification:_identify(src) by extension 'colcon_meta'
[0.409s] Level 1:colcon.colcon_core.package_identification:_identify(src) by extensions ['ros']
[0.409s] Level 1:colcon.colcon_core.package_identification:_identify(src) by extension 'ros'
[0.409s] Level 1:colcon.colcon_core.package_identification:_identify(src) by extensions ['cmake', 'python']
[0.409s] Level 1:colcon.colcon_core.package_identification:_identify(src) by extension 'cmake'
[0.409s] Level 1:colcon.colcon_core.package_identification:_identify(src) by extension 'python'
[0.409s] Level 1:colcon.colcon_core.package_identification:_identify(src) by extensions ['python_setup_py']
[0.409s] Level 1:colcon.colcon_core.package_identification:_identify(src) by extension 'python_setup_py'
[0.409s] Level 1:colcon.colcon_core.package_identification:_identify(src/boombot_teleop) by extensions ['ignore', 'ignore_ament_install']
[0.409s] Level 1:colcon.colcon_core.package_identification:_identify(src/boombot_teleop) by extension 'ignore'
[0.409s] Level 1:colcon.colcon_core.package_identification:_identify(src/boombot_teleop) by extension 'ignore_ament_install'
[0.409s] Level 1:colcon.colcon_core.package_identification:_identify(src/boombot_teleop) by extensions ['colcon_pkg']
[0.409s] Level 1:colcon.colcon_core.package_identification:_identify(src/boombot_teleop) by extension 'colcon_pkg'
[0.410s] Level 1:colcon.colcon_core.package_identification:_identify(src/boombot_teleop) by extensions ['colcon_meta']
[0.410s] Level 1:colcon.colcon_core.package_identification:_identify(src/boombot_teleop) by extension 'colcon_meta'
[0.410s] Level 1:colcon.colcon_core.package_identification:_identify(src/boombot_teleop) by extensions ['ros']
[0.410s] Level 1:colcon.colcon_core.package_identification:_identify(src/boombot_teleop) by extension 'ros'
[0.415s] DEBUG:colcon.colcon_core.package_identification:Package 'src/boombot_teleop' with type 'ros.ament_python' and name 'boombot_teleop'
[0.415s] Level 1:colcon.colcon_core.package_identification:_identify(src/perception) by extensions ['ignore', 'ignore_ament_install']
[0.415s] Level 1:colcon.colcon_core.package_identification:_identify(src/perception) by extension 'ignore'
[0.415s] Level 1:colcon.colcon_core.package_identification:_identify(src/perception) by extension 'ignore_ament_install'
[0.415s] Level 1:colcon.colcon_core.package_identification:_identify(src/perception) by extensions ['colcon_pkg']
[0.415s] Level 1:colcon.colcon_core.package_identification:_identify(src/perception) by extension 'colcon_pkg'
[0.415s] Level 1:colcon.colcon_core.package_identification:_identify(src/perception) by extensions ['colcon_meta']
[0.415s] Level 1:colcon.colcon_core.package_identification:_identify(src/perception) by extension 'colcon_meta'
[0.415s] Level 1:colcon.colcon_core.package_identification:_identify(src/perception) by extensions ['ros']
[0.415s] Level 1:colcon.colcon_core.package_identification:_identify(src/perception) by extension 'ros'
[0.416s] DEBUG:colcon.colcon_core.package_identification:Package 'src/perception' with type 'ros.ament_python' and name 'perception'
[0.416s] Level 1:colcon.colcon_core.package_discovery:discover_packages(recursive) using defaults
[0.416s] Level 1:colcon.colcon_core.package_discovery:discover_packages(ignore) discover
[0.416s] Level 1:colcon.colcon_core.package_discovery:discover_packages(ignore) using defaults
[0.416s] Level 1:colcon.colcon_core.package_discovery:discover_packages(path) discover
[0.416s] Level 1:colcon.colcon_core.package_discovery:discover_packages(path) using defaults
[0.459s] Level 1:colcon.colcon_core.package_discovery:discover_packages(prefix_path) check parameters
[0.459s] Level 1:colcon.colcon_core.package_discovery:discover_packages(prefix_path) discover
[0.464s] DEBUG:colcon.colcon_installed_package_information.package_discovery:Found 196 installed packages in /opt/ros/jazzy
[0.465s] Level 1:colcon.colcon_core.package_discovery:discover_packages(prefix_path) using defaults
[0.511s] Level 5:colcon.colcon_core.verb:set package 'boombot_teleop' build argument 'cmake_args' from command line to 'None'
[0.511s] Level 5:colcon.colcon_core.verb:set package 'boombot_teleop' build argument 'cmake_target' from command line to 'None'
[0.511s] Level 5:colcon.colcon_core.verb:set package 'boombot_teleop' build argument 'cmake_target_skip_unavailable' from command line to 'False'
[0.511s] Level 5:colcon.colcon_core.verb:set package 'boombot_teleop' build argument 'cmake_clean_cache' from command line to 'False'
[0.511s] Level 5:colcon.colcon_core.verb:set package 'boombot_teleop' build argument 'cmake_clean_first' from command line to 'False'
[0.511s] Level 5:colcon.colcon_core.verb:set package 'boombot_teleop' build argument 'cmake_force_configure' from command line to 'False'
[0.511s] Level 5:colcon.colcon_core.verb:set package 'boombot_teleop' build argument 'ament_cmake_args' from command line to 'None'
[0.511s] Level 5:colcon.colcon_core.verb:set package 'boombot_teleop' build argument 'catkin_cmake_args' from command line to 'None'
[0.511s] Level 5:colcon.colcon_core.verb:set package 'boombot_teleop' build argument 'catkin_skip_building_tests' from command line to 'False'
[0.511s] DEBUG:colcon.colcon_core.verb:Building package 'boombot_teleop' with the following arguments: {'ament_cmake_args': None, 'build_base': '/home/dronzer/boombot/build/boombot_teleop', 'catkin_cmake_args': None, 'catkin_skip_building_tests': False, 'cmake_args': None, 'cmake_clean_cache': False, 'cmake_clean_first': False, 'cmake_force_configure': False, 'cmake_target': None, 'cmake_target_skip_unavailable': False, 'install_base': '/home/dronzer/boombot/install/boombot_teleop', 'merge_install': False, 'path': '/home/dronzer/boombot/src/boombot_teleop', 'symlink_install': False, 'test_result_base': None}
[0.512s] Level 5:colcon.colcon_core.verb:set package 'perception' build argument 'cmake_args' from command line to 'None'
[0.512s] Level 5:colcon.colcon_core.verb:set package 'perception' build argument 'cmake_target' from command line to 'None'
[0.512s] Level 5:colcon.colcon_core.verb:set package 'perception' build argument 'cmake_target_skip_unavailable' from command line to 'False'
[0.512s] Level 5:colcon.colcon_core.verb:set package 'perception' build argument 'cmake_clean_cache' from command line to 'False'
[0.512s] Level 5:colcon.colcon_core.verb:set package 'perception' build argument 'cmake_clean_first' from command line to 'False'
[0.512s] Level 5:colcon.colcon_core.verb:set package 'perception' build argument 'cmake_force_configure' from command line to 'False'
[0.512s] Level 5:colcon.colcon_core.verb:set package 'perception' build argument 'ament_cmake_args' from command line to 'None'
[0.512s] Level 5:colcon.colcon_core.verb:set package 'perception' build argument 'catkin_cmake_args' from command line to 'None'
[0.512s] Level 5:colcon.colcon_core.verb:set package 'perception' build argument 'catkin_skip_building_tests' from command line to 'False'
[0.512s] DEBUG:colcon.colcon_core.verb:Building package 'perception' with the following arguments: {'ament_cmake_args': None, 'build_base': '/home/dronzer/boombot/build/perception', 'catkin_cmake_args': None, 'catkin_skip_building_tests': False, 'cmake_args': None, 'cmake_clean_cache': False, 'cmake_clean_first': False, 'cmake_force_configure': False, 'cmake_target': None, 'cmake_target_skip_unavailable': False, 'install_base': '/home/dronzer/boombot/install/perception', 'merge_install': False, 'path': '/home/dronzer/boombot/src/perception', 'symlink_install': False, 'test_result_base': None}
[0.512s] INFO:colcon.colcon_core.executor:Executing jobs using 'parallel' executor
[0.513s] DEBUG:colcon.colcon_parallel_executor.executor.parallel:run_until_complete
[0.514s] INFO:colcon.colcon_ros.task.ament_python.build:Building ROS package in '/home/dronzer/boombot/src/boombot_teleop' with build type 'ament_python'
[0.514s] Level 1:colcon.colcon_core.shell:create_environment_hook('boombot_teleop', 'ament_prefix_path')
[0.521s] INFO:colcon.colcon_core.plugin_system:Skipping extension 'colcon_core.shell.bat': Not used on non-Windows systems
[0.522s] INFO:colcon.colcon_core.shell:Creating environment hook '/home/dronzer/boombot/install/boombot_teleop/share/boombot_teleop/hook/ament_prefix_path.ps1'
[0.523s] INFO:colcon.colcon_core.shell:Creating environment descriptor '/home/dronzer/boombot/install/boombot_teleop/share/boombot_teleop/hook/ament_prefix_path.dsv'
[0.525s] INFO:colcon.colcon_core.shell:Creating environment hook '/home/dronzer/boombot/install/boombot_teleop/share/boombot_teleop/hook/ament_prefix_path.sh'
[0.527s] INFO:colcon.colcon_core.shell:Skip shell extension 'powershell' for command environment: Not usable outside of PowerShell
[0.527s] DEBUG:colcon.colcon_core.shell:Skip shell extension 'dsv' for command environment
[0.531s] INFO:colcon.colcon_ros.task.ament_python.build:Building ROS package in '/home/dronzer/boombot/src/perception' with build type 'ament_python'
[0.531s] Level 1:colcon.colcon_core.shell:create_environment_hook('perception', 'ament_prefix_path')
[0.531s] INFO:colcon.colcon_core.shell:Creating environment hook '/home/dronzer/boombot/install/perception/share/perception/hook/ament_prefix_path.ps1'
[0.532s] INFO:colcon.colcon_core.shell:Creating environment descriptor '/home/dronzer/boombot/install/perception/share/perception/hook/ament_prefix_path.dsv'
[0.533s] INFO:colcon.colcon_core.shell:Creating environment hook '/home/dronzer/boombot/install/perception/share/perception/hook/ament_prefix_path.sh'
[0.534s] INFO:colcon.colcon_core.shell:Skip shell extension 'powershell' for command environment: Not usable outside of PowerShell
[0.534s] DEBUG:colcon.colcon_core.shell:Skip shell extension 'dsv' for command environment
[0.842s] INFO:colcon.colcon_core.task.python.build:Building Python package in '/home/dronzer/boombot/src/boombot_teleop'
[0.842s] INFO:colcon.colcon_core.shell:Skip shell extension 'powershell' for command environment: Not usable outside of PowerShell
[0.842s] DEBUG:colcon.colcon_core.shell:Skip shell extension 'dsv' for command environment
[1.148s] INFO:colcon.colcon_core.task.python.build:Building Python package in '/home/dronzer/boombot/src/perception'
[1.148s] INFO:colcon.colcon_core.shell:Skip shell extension 'powershell' for command environment: Not usable outside of PowerShell
[1.148s] DEBUG:colcon.colcon_core.shell:Skip shell extension 'dsv' for command environment
[2.359s] DEBUG:colcon.colcon_core.task.python.build:Available setuptools commands: install_data, build_scripts, editable_wheel, clean, develop, bdist, extract_messages, build_ext, egg_info, pytest, compile_catalog, init_catalog, build_py, check, upload_docs, rotate, build_clib, easy_install, bdist_dumb, install_lib, setopt, register, install_egg_info, bdist_rpm, test, upload, ptr, bdist_wheel, build, alias, dist_info, sdist, symlink_data, install, saveopts, update_catalog, install_headers, install_scripts, bdist_egg
[2.364s] DEBUG:colcon.colcon_core.event_handler.log_command:Invoking command in '/home/dronzer/boombot/src/boombot_teleop': PYTHONPATH=/home/dronzer/boombot/build/boombot_teleop/prefix_override:/usr/lib/python3/dist-packages/colcon_core/task/python/colcon_distutils_commands:/home/dronzer/boombot/install/boombot_teleop/lib/python3.12/site-packages:${PYTHONPATH} /usr/bin/python3 -W ignore:setup.py install is deprecated -W ignore:easy_install command is deprecated setup.py egg_info --egg-base ../../build/boombot_teleop build --build-base /home/dronzer/boombot/build/boombot_teleop/build install --record /home/dronzer/boombot/build/boombot_teleop/install.log --install-scripts $base/lib/boombot_teleop --single-version-externally-managed install_data
[2.366s] DEBUG:colcon.colcon_core.task.python.build:Available setuptools commands: install_data, build_scripts, editable_wheel, clean, develop, bdist, extract_messages, build_ext, egg_info, pytest, compile_catalog, init_catalog, build_py, check, upload_docs, rotate, build_clib, easy_install, bdist_dumb, install_lib, setopt, register, install_egg_info, bdist_rpm, test, upload, ptr, bdist_wheel, build, alias, dist_info, sdist, symlink_data, install, saveopts, update_catalog, install_headers, install_scripts, bdist_egg
[2.370s] DEBUG:colcon.colcon_core.event_handler.log_command:Invoking command in '/home/dronzer/boombot/src/perception': PYTHONPATH=/home/dronzer/boombot/build/perception/prefix_override:/usr/lib/python3/dist-packages/colcon_core/task/python/colcon_distutils_commands:/home/dronzer/boombot/install/perception/lib/python3.12/site-packages:${PYTHONPATH} /usr/bin/python3 -W ignore:setup.py install is deprecated -W ignore:easy_install command is deprecated setup.py egg_info --egg-base ../../build/perception build --build-base /home/dronzer/boombot/build/perception/build install --record /home/dronzer/boombot/build/perception/install.log --install-scripts $base/lib/perception --single-version-externally-managed install_data
[3.151s] DEBUG:colcon.colcon_core.event_handler.log_command:Invoked command in '/home/dronzer/boombot/src/boombot_teleop' returned '0': PYTHONPATH=/home/dronzer/boombot/build/boombot_teleop/prefix_override:/usr/lib/python3/dist-packages/colcon_core/task/python/colcon_distutils_commands:/home/dronzer/boombot/install/boombot_teleop/lib/python3.12/site-packages:${PYTHONPATH} /usr/bin/python3 -W ignore:setup.py install is deprecated -W ignore:easy_install command is deprecated setup.py egg_info --egg-base ../../build/boombot_teleop build --build-base /home/dronzer/boombot/build/boombot_teleop/build install --record /home/dronzer/boombot/build/boombot_teleop/install.log --install-scripts $base/lib/boombot_teleop --single-version-externally-managed install_data
[3.161s] Level 1:colcon.colcon_core.environment:checking '/home/dronzer/boombot/install/boombot_teleop' for CMake module files
[3.162s] Level 1:colcon.colcon_core.environment:checking '/home/dronzer/boombot/install/boombot_teleop' for CMake config files
[3.163s] Level 1:colcon.colcon_core.environment:checking '/home/dronzer/boombot/install/boombot_teleop/lib'
[3.163s] Level 1:colcon.colcon_core.environment:checking '/home/dronzer/boombot/install/boombot_teleop/bin'
[3.163s] Level 1:colcon.colcon_core.environment:checking '/home/dronzer/boombot/install/boombot_teleop/lib/pkgconfig/boombot_teleop.pc'
[3.163s] Level 1:colcon.colcon_core.environment:checking '/home/dronzer/boombot/install/boombot_teleop/lib/python3.12/site-packages'
[3.163s] Level 1:colcon.colcon_core.shell:create_environment_hook('boombot_teleop', 'pythonpath')
[3.164s] INFO:colcon.colcon_core.shell:Creating environment hook '/home/dronzer/boombot/install/boombot_teleop/share/boombot_teleop/hook/pythonpath.ps1'
[3.164s] INFO:colcon.colcon_core.shell:Creating environment descriptor '/home/dronzer/boombot/install/boombot_teleop/share/boombot_teleop/hook/pythonpath.dsv'
[3.165s] INFO:colcon.colcon_core.shell:Creating environment hook '/home/dronzer/boombot/install/boombot_teleop/share/boombot_teleop/hook/pythonpath.sh'
[3.166s] Level 1:colcon.colcon_core.environment:checking '/home/dronzer/boombot/install/boombot_teleop/bin'
[3.166s] Level 1:colcon.colcon_core.environment:create_environment_scripts_only(boombot_teleop)
[3.167s] INFO:colcon.colcon_core.shell:Creating package script '/home/dronzer/boombot/install/boombot_teleop/share/boombot_teleop/package.ps1'
[3.169s] INFO:colcon.colcon_core.shell:Creating package descriptor '/home/dronzer/boombot/install/boombot_teleop/share/boombot_teleop/package.dsv'
[3.170s] INFO:colcon.colcon_core.shell:Creating package script '/home/dronzer/boombot/install/boombot_teleop/share/boombot_teleop/package.sh'
[3.172s] INFO:colcon.colcon_core.shell:Creating package script '/home/dronzer/boombot/install/boombot_teleop/share/boombot_teleop/package.bash'
[3.174s] INFO:colcon.colcon_core.shell:Creating package script '/home/dronzer/boombot/install/boombot_teleop/share/boombot_teleop/package.zsh'
[3.176s] Level 1:colcon.colcon_core.environment:create_file_with_runtime_dependencies(/home/dronzer/boombot/install/boombot_teleop/share/colcon-core/packages/boombot_teleop)
[3.178s] Level 1:colcon.colcon_core.environment:checking '/home/dronzer/boombot/install/perception' for CMake module files
[3.179s] DEBUG:colcon.colcon_core.event_handler.log_command:Invoked command in '/home/dronzer/boombot/src/perception' returned '0': PYTHONPATH=/home/dronzer/boombot/build/perception/prefix_override:/usr/lib/python3/dist-packages/colcon_core/task/python/colcon_distutils_commands:/home/dronzer/boombot/install/perception/lib/python3.12/site-packages:${PYTHONPATH} /usr/bin/python3 -W ignore:setup.py install is deprecated -W ignore:easy_install command is deprecated setup.py egg_info --egg-base ../../build/perception build --build-base /home/dronzer/boombot/build/perception/build install --record /home/dronzer/boombot/build/perception/install.log --install-scripts $base/lib/perception --single-version-externally-managed install_data
[3.179s] Level 1:colcon.colcon_core.environment:checking '/home/dronzer/boombot/install/perception' for CMake config files
[3.180s] Level 1:colcon.colcon_core.environment:checking '/home/dronzer/boombot/install/perception/lib'
[3.180s] Level 1:colcon.colcon_core.environment:checking '/home/dronzer/boombot/install/perception/bin'
[3.180s] Level 1:colcon.colcon_core.environment:checking '/home/dronzer/boombot/install/perception/lib/pkgconfig/perception.pc'
[3.181s] Level 1:colcon.colcon_core.environment:checking '/home/dronzer/boombot/install/perception/lib/python3.12/site-packages'
[3.181s] Level 1:colcon.colcon_core.shell:create_environment_hook('perception', 'pythonpath')
[3.181s] INFO:colcon.colcon_core.shell:Creating environment hook '/home/dronzer/boombot/install/perception/share/perception/hook/pythonpath.ps1'
[3.182s] INFO:colcon.colcon_core.shell:Creating environment descriptor '/home/dronzer/boombot/install/perception/share/perception/hook/pythonpath.dsv'
[3.182s] INFO:colcon.colcon_core.shell:Creating environment hook '/home/dronzer/boombot/install/perception/share/perception/hook/pythonpath.sh'
[3.183s] Level 1:colcon.colcon_core.environment:checking '/home/dronzer/boombot/install/perception/bin'
[3.183s] Level 1:colcon.colcon_core.environment:create_environment_scripts_only(perception)
[3.184s] INFO:colcon.colcon_core.shell:Creating package script '/home/dronzer/boombot/install/perception/share/perception/package.ps1'
[3.184s] INFO:colcon.colcon_core.shell:Creating package descriptor '/home/dronzer/boombot/install/perception/share/perception/package.dsv'
[3.185s] INFO:colcon.colcon_core.shell:Creating package script '/home/dronzer/boombot/install/perception/share/perception/package.sh'
[3.186s] INFO:colcon.colcon_core.shell:Creating package script '/home/dronzer/boombot/install/perception/share/perception/package.bash'
[3.186s] INFO:colcon.colcon_core.shell:Creating package script '/home/dronzer/boombot/install/perception/share/perception/package.zsh'
[3.186s] Level 1:colcon.colcon_core.environment:create_file_with_runtime_dependencies(/home/dronzer/boombot/install/perception/share/colcon-core/packages/perception)
[3.187s] DEBUG:colcon.colcon_parallel_executor.executor.parallel:closing loop
[3.187s] DEBUG:colcon.colcon_parallel_executor.executor.parallel:loop closed
[3.188s] DEBUG:colcon.colcon_parallel_executor.executor.parallel:run_until_complete finished with '0'
[3.188s] DEBUG:colcon.colcon_core.event_reactor:joining thread
[3.188s] DEBUG:colcon.colcon_core.event_reactor:joined thread
[3.188s] INFO:colcon.colcon_core.shell:Creating prefix script '/home/dronzer/boombot/install/local_setup.ps1'
[3.190s] INFO:colcon.colcon_core.shell:Creating prefix util module '/home/dronzer/boombot/install/_local_setup_util_ps1.py'
[3.193s] INFO:colcon.colcon_core.shell:Creating prefix chain script '/home/dronzer/boombot/install/setup.ps1'
[3.195s] INFO:colcon.colcon_core.shell:Creating prefix script '/home/dronzer/boombot/install/local_setup.sh'
[3.197s] INFO:colcon.colcon_core.shell:Creating prefix util module '/home/dronzer/boombot/install/_local_setup_util_sh.py'
[3.198s] INFO:colcon.colcon_core.shell:Creating prefix chain script '/home/dronzer/boombot/install/setup.sh'
[3.199s] INFO:colcon.colcon_core.shell:Creating prefix script '/home/dronzer/boombot/install/local_setup.bash'
[3.201s] INFO:colcon.colcon_core.shell:Creating prefix chain script '/home/dronzer/boombot/install/setup.bash'
[3.203s] INFO:colcon.colcon_core.shell:Creating prefix script '/home/dronzer/boombot/install/local_setup.zsh'
[3.204s] INFO:colcon.colcon_core.shell:Creating prefix chain script '/home/dronzer/boombot/install/setup.zsh'
