[1.839s] Invoking command in '/home/dronzer/boombot/src/perception': PYTHONPATH=/home/dronzer/boombot/build/perception/prefix_override:/usr/lib/python3/dist-packages/colcon_core/task/python/colcon_distutils_commands:/home/dronzer/boombot/install/perception/lib/python3.12/site-packages:${PYTHONPATH} /usr/bin/python3 -W ignore:setup.py install is deprecated -W ignore:easy_install command is deprecated setup.py egg_info --egg-base ../../build/perception build --build-base /home/dronzer/boombot/build/perception/build install --record /home/dronzer/boombot/build/perception/install.log --install-scripts $base/lib/perception --single-version-externally-managed install_data
[2.184s] running egg_info
[2.184s] creating ../../build/perception/perception.egg-info
[2.206s] writing ../../build/perception/perception.egg-info/PKG-INFO
[2.206s] writing dependency_links to ../../build/perception/perception.egg-info/dependency_links.txt
[2.207s] writing entry points to ../../build/perception/perception.egg-info/entry_points.txt
[2.207s] writing requirements to ../../build/perception/perception.egg-info/requires.txt
[2.207s] writing top-level names to ../../build/perception/perception.egg-info/top_level.txt
[2.207s] writing manifest file '../../build/perception/perception.egg-info/SOURCES.txt'
[2.251s] reading manifest file '../../build/perception/perception.egg-info/SOURCES.txt'
[2.252s] writing manifest file '../../build/perception/perception.egg-info/SOURCES.txt'
[2.252s] running build
[2.253s] running build_py
[2.253s] creating /home/dronzer/boombot/build/perception/build
[2.253s] creating /home/dronzer/boombot/build/perception/build/lib
[2.253s] creating /home/dronzer/boombot/build/perception/build/lib/perception
[2.253s] copying perception/__init__.py -> /home/dronzer/boombot/build/perception/build/lib/perception
[2.254s] copying perception/oakd_tracker_node.py -> /home/dronzer/boombot/build/perception/build/lib/perception
[2.254s] running install
[2.263s] running install_lib
[2.285s] creating /home/dronzer/boombot/install/perception/lib/python3.12/site-packages/perception
[2.286s] copying /home/dronzer/boombot/build/perception/build/lib/perception/__init__.py -> /home/dronzer/boombot/install/perception/lib/python3.12/site-packages/perception
[2.286s] copying /home/dronzer/boombot/build/perception/build/lib/perception/oakd_tracker_node.py -> /home/dronzer/boombot/install/perception/lib/python3.12/site-packages/perception
[2.287s] byte-compiling /home/dronzer/boombot/install/perception/lib/python3.12/site-packages/perception/__init__.py to __init__.cpython-312.pyc
[2.287s] byte-compiling /home/dronzer/boombot/install/perception/lib/python3.12/site-packages/perception/oakd_tracker_node.py to oakd_tracker_node.cpython-312.pyc
[2.289s] running install_data
[2.289s] creating /home/dronzer/boombot/install/perception/share/ament_index
[2.289s] creating /home/dronzer/boombot/install/perception/share/ament_index/resource_index
[2.289s] creating /home/dronzer/boombot/install/perception/share/ament_index/resource_index/packages
[2.290s] copying resource/perception -> /home/dronzer/boombot/install/perception/share/ament_index/resource_index/packages
[2.290s] copying package.xml -> /home/dronzer/boombot/install/perception/share/perception
[2.290s] running install_egg_info
[2.314s] Copying ../../build/perception/perception.egg-info to /home/dronzer/boombot/install/perception/lib/python3.12/site-packages/perception-0.0.0-py3.12.egg-info
[2.316s] running install_scripts
[2.480s] Installing tracker_node script to /home/dronzer/boombot/install/perception/lib/perception
[2.481s] writing list of installed files to '/home/dronzer/boombot/build/perception/install.log'
[2.648s] Invoked command in '/home/dronzer/boombot/src/perception' returned '0': PYTHONPATH=/home/dronzer/boombot/build/perception/prefix_override:/usr/lib/python3/dist-packages/colcon_core/task/python/colcon_distutils_commands:/home/dronzer/boombot/install/perception/lib/python3.12/site-packages:${PYTHONPATH} /usr/bin/python3 -W ignore:setup.py install is deprecated -W ignore:easy_install command is deprecated setup.py egg_info --egg-base ../../build/perception build --build-base /home/dronzer/boombot/build/perception/build install --record /home/dronzer/boombot/build/perception/install.log --install-scripts $base/lib/perception --single-version-externally-managed install_data
